run_pid=108425  started=2026-09-24T23:57:40+08:00
================ ENV ================
2026-09-24T23:57:40+08:00
host    : iZbp16kmws3ej184pk00osZ
kernel  : 5.15.0-191-generic
arch    : aarch64
cpu     : Neoverse-N1
ncpu    : 64
boot_id : 043e34da-a3a8-4d40-8c92-f7ee0e1eeb7d
uptime  :  23:57:40 up  2:06,  0 users,  load average: 0.52, 1.18, 2.27
governor: cat: /sys/devices/system/cpu/cpu0/cpufreq/scaling_governor: No such file or directory
thermal : 
mem     : 245 GiB total, 242 GiB avail
steal   : steal_ticks=0
binary  : 3f23dda18d984f85358b7556612b14f72c58ce1c8dbf43d9bed8d39d77d67691  /root/GitHupSRC/build-rk3588/vllm_kestrel
bin_size: 965848
model   : 17665601544 bytes
vqf_md5 : e66a53eb9efc0a8962b81d3516aedf37
vocab   : 207fbf4194ca8ae384b221882a21be2a
src_commit: n/a
extra_env : <none>
extra_flag: <none>
ctx/n/rounds: 256 / 32 / 2   warm_flag=[--warmup]
configs   : full stream
=====================================

[warm-global] touching all weights ...
[warm-global] rc=0 31 lines
[warm-global] buff/cache=101 GiB

======== ROUND 1 ========
  env: load average: 2.42, 1.51, 2.31 | buff/cache=101GiB | steal_ticks=0 softirq=3754
  order: 32 40 48 56 64   configs: full stream
  r1 t32 [full]: rc=0 nlwp_max=32 | prefill 246 tokens in 7.270s | decoded 32 tokens, 110 ms/tok
  r1 t32 [stream]: rc=0 nlwp_max=32 | prefill 246 tokens in 7.237s | decoded 32 tokens, 391 ms/tok
  r1 t40 [full]: rc=0 nlwp_max=40 | prefill 246 tokens in 6.315s | decoded 32 tokens, 110 ms/tok
  r1 t40 [stream]: rc=0 nlwp_max=40 | prefill 246 tokens in 6.593s | decoded 32 tokens, 390 ms/tok
  r1 t48 [full]: rc=0 nlwp_max=48 | prefill 246 tokens in 5.545s | decoded 32 tokens, 111 ms/tok
  r1 t48 [stream]: rc=0 nlwp_max=48 | prefill 246 tokens in 5.828s | decoded 32 tokens, 404 ms/tok
  r1 t56 [full]: rc=0 nlwp_max=56 | prefill 246 tokens in 5.068s | decoded 32 tokens, 113 ms/tok
  r1 t56 [stream]: rc=0 nlwp_max=56 | prefill 246 tokens in 5.389s | decoded 32 tokens, 405 ms/tok
  r1 t64 [full]: rc=0 nlwp_max=64 | prefill 246 tokens in 4.497s | decoded 32 tokens, 131 ms/tok
  r1 t64 [stream]: rc=0 nlwp_max=64 | prefill 246 tokens in 4.794s | decoded 32 tokens, 427 ms/tok
======== ROUND 2 ========
  env: load average: 26.02, 14.12, 7.18 | buff/cache=101GiB | steal_ticks=0 softirq=3756
  order: 64 56 48 40 32    configs: full stream
  r2 t64 [full]: rc=0 nlwp_max=64 | prefill 246 tokens in 4.447s | decoded 32 tokens, 130 ms/tok
  r2 t64 [stream]: rc=0 nlwp_max=64 | prefill 246 tokens in 4.772s | decoded 32 tokens, 447 ms/tok
  r2 t56 [full]: rc=0 nlwp_max=56 | prefill 246 tokens in 5.156s | decoded 32 tokens, 114 ms/tok
  r2 t56 [stream]: rc=0 nlwp_max=56 | prefill 246 tokens in 5.443s | decoded 32 tokens, 406 ms/tok
  r2 t48 [full]: rc=0 nlwp_max=48 | prefill 246 tokens in 5.499s | decoded 32 tokens, 112 ms/tok
  r2 t48 [stream]: rc=0 nlwp_max=48 | prefill 246 tokens in 5.658s | decoded 32 tokens, 405 ms/tok
  r2 t40 [full]: rc=0 nlwp_max=40 | prefill 246 tokens in 6.358s | decoded 32 tokens, 109 ms/tok
  r2 t40 [stream]: rc=0 nlwp_max=40 | prefill 246 tokens in 6.674s | decoded 32 tokens, 391 ms/tok
  r2 t32 [full]: rc=0 nlwp_max=32 | prefill 246 tokens in 6.514s | decoded 32 tokens, 109 ms/tok
  r2 t32 [stream]: rc=0 nlwp_max=32 | prefill 246 tokens in 6.724s | decoded 32 tokens, 383 ms/tok

======== SUMMARY ========
=== G0 validity gate (per-config, per-round TOKIDS bitwise identity) ===
  [full] round 1: cells=5 ids_n=32 md5=b1304c6459e0 mismatched=none -> PASS
  [full] round 2: cells=5 ids_n=32 md5=b1304c6459e0 mismatched=none -> PASS
  [stream] round 1: cells=5 ids_n=32 md5=b1304c6459e0 mismatched=none -> PASS
  [stream] round 2: cells=5 ids_n=32 md5=b1304c6459e0 mismatched=none -> PASS
  per-config G0 (thread count must not change numerics): PASS

=== cross-config TOKIDS (INFO only: approximate tracks are expected to differ) ===
  [full] t32 ids_n=32 md5=b1304c6459e0 first8=[151667 198 99692 3837 20002 104029 11622 104811]
  [stream] t32 ids_n=32 md5=b1304c6459e0 first8=[151667 198 99692 3837 20002 104029 11622 104811]
  [stream] vs [full]: differing positions = 0/32  IDENTICAL

=== RESULT [full] median of 2 round(s) ===
threads | prefill_s median [min~max] | pf speedup | decode ms/tok median [min~max] | dec speedup | out_tok | rss_load MB | rss_end MB
-------------------------------------------------------------------------------------------------------------------------------------
     32 | 6.892 [6.514~7.270] | - | 109.5 [109.0~110.0] | - | 32.0 | 1 | 13602
     40 | 6.337 [6.315~6.358] | - | 109.5 [109.0~110.0] | - | 32.0 | 1 | 13601
     48 | 5.522 [5.499~5.545] | - | 111.5 [111.0~112.0] | - | 32.0 | 1 | 13601
     56 | 5.112 [5.068~5.156] | - | 113.5 [113.0~114.0] | - | 32.0 | 1 | 13599
     64 | 4.472 [4.447~4.497] | - | 130.5 [130.0~131.0] | - | 32.0 | 1 | 13602

=== RESULT [stream] median of 2 round(s) ===
threads | prefill_s median [min~max] | pf speedup | decode ms/tok median [min~max] | dec speedup | out_tok | rss_load MB | rss_end MB
-------------------------------------------------------------------------------------------------------------------------------------
     32 | 6.981 [6.724~7.237] | - | 387.0 [383.0~391.0] | - | 32.0 | 1 | 556
     40 | 6.633 [6.593~6.674] | - | 390.5 [390.0~391.0] | - | 32.0 | 1 | 535
     48 | 5.743 [5.658~5.828] | - | 404.5 [404.0~405.0] | - | 32.0 | 1 | 526
     56 | 5.416 [5.389~5.443] | - | 405.5 [405.0~406.0] | - | 32.0 | 1 | 502
     64 | 4.783 [4.772~4.794] | - | 437.0 [427.0~447.0] | - | 32.0 | 1 | 486

=== CONFIG CONTRAST (matched threads; ratio = first cfg / this cfg) ===
threads | full prefill_s / decode_ms | stream prefill_s / decode_ms | prefill ratio | decode ratio
     32 | 6.892 / 109.5 | 6.981 / 387.0 | 0.99x | 0.28x
     40 | 6.337 / 109.5 | 6.633 / 390.5 | 0.96x | 0.28x
     48 | 5.522 / 111.5 | 5.743 / 404.5 | 0.96x | 0.28x
     56 | 5.112 / 113.5 | 5.416 / 405.5 | 0.94x | 0.28x
     64 | 4.472 / 130.5 | 4.783 / 437.0 | 0.93x | 0.30x

=== per-round raw (prefill_s / decode_ms) ===
  [full] r1: t32=7.270s/110ms  t40=6.315s/110ms  t48=5.545s/111ms  t56=5.068s/113ms  t64=4.497s/131ms
  [full] r2: t32=6.514s/109ms  t40=6.358s/109ms  t48=5.499s/112ms  t56=5.156s/114ms  t64=4.447s/130ms
  [stream] r1: t32=7.237s/391ms  t40=6.593s/390ms  t48=5.828s/404ms  t56=5.389s/405ms  t64=4.794s/427ms
  [stream] r2: t32=6.724s/383ms  t40=6.674s/391ms  t48=5.658s/405ms  t56=5.443s/406ms  t64=4.772s/447ms

=== decoded per-token latency first 8 (ms) ===
  [full] t32  [109, 109, 109, 109, 109, 109, 109, 109]
  [full] t40  [109, 109, 109, 109, 109, 109, 109, 109]
  [full] t48  [111, 112, 111, 111, 111, 111, 111, 111]
  [full] t56  [114, 114, 114, 114, 114, 114, 114, 114]
  [full] t64  [129, 140, 130, 153, 121, 129, 132, 131]
  [stream] t32  [381, 387, 384, 386, 385, 383, 386, 385]
  [stream] t40  [389, 393, 391, 394, 391, 391, 390, 391]
  [stream] t48  [396, 403, 406, 409, 406, 406, 403, 409]
  [stream] t56  [405, 410, 407, 409, 406, 407, 404, 409]
  [stream] t64  [426, 428, 431, 426, 428, 425, 426, 425]

wrote /root/bench/t32probe/SUMMARY.tsv
