[ST] Found 4 safetensors shard(s)
[ST] Total 754 tensors across 4 file(s)
[conv] repack gates: q8=1 q4=1 (wmode=1)
[conv] loading 36 layers (wmode=1)...
[ST] Loading layer 0/35...
[ST] Loading layer 1/35...
[ST] Loading layer 2/35...
[ST] Loading layer 3/35...
[ST] Loading layer 4/35...
[ST] Loading layer 5/35...
[ST] Loading layer 6/35...
[ST] Loading layer 7/35...
[ST] Loading layer 8/35...
[ST] Loading layer 9/35...
[ST] Loading layer 10/35...
[ST] Loading layer 11/35...
[ST] Loading layer 12/35...
[ST] Loading layer 13/35...
[ST] Loading layer 14/35...
[ST] Loading layer 15/35...
[ST] Loading layer 16/35...
[ST] Loading layer 17/35...
[ST] Loading layer 18/35...
[ST] Loading layer 19/35...
[ST] Loading layer 20/35...
[ST] Loading layer 21/35...
[ST] Loading layer 22/35...
[ST] Loading layer 23/35...
[ST] Loading layer 24/35...
[ST] Loading layer 25/35...
[ST] Loading layer 26/35...
[ST] Loading layer 27/35...
[ST] Loading layer 28/35...
[ST] Loading layer 29/35...
[ST] Loading layer 30/35...
[ST] Loading layer 31/35...
[ST] Loading layer 32/35...
[ST] Loading layer 33/35...
[ST] Loading layer 34/35...
[ST] Loading layer 35/35...
[ST] FFN Q8_0 quantization: NOT available
[ST] FFN Q4_0 quantization: enabled
[VIS] ViT weights quantized to Q8_0 (fc2 pad 4304 → 4320)
[VIS] vision weights loaded (ViT 27 layers, hidden=1152)
[conv] wrote /root/model/qwen3vl8b/model.vqf: 41 tensors, 6295.7 MB flags=0x63 sum=f7edd5977121dafa
[ST] Vision: depth=27 hidden=1152 heads=16 ffn=4304 patch=16 temporal=2 merge=2 out=4096
[ST]   DeepStack layers: 8 16 24
[ST]   MRoPE sections: 24 20 20
[ST] Config: dim=4096 layers=36 heads=32 kv_heads=8 hd=128 ffn=12288 vocab=151936
[ST]   rope_theta=5000000.0 norm_eps=1.0e-06 q_norm=0 mrope=1
[VIS] Vision weights loaded successfully.
